// Jest Snapshot v1, https://goo.gl/fbAQLP

exports[`cli @textlint/kernel@2.0.0-next. should has changelog  1`] = `
"## @textlint/kernel@2.0.0-next.0

### fixes

- **textlint:** fix kernel test ([#374](https://github.com/textlint/textlint/issues/374)) ([d6953cc](https://github.com/textlint/textlint/commit/d6953cc))
- **textlint-fixer-formatter:** use paths ([734806f](https://github.com/textlint/textlint/commit/734806f))"
`;

exports[`cli textlint@10.2.0 should has changelog  1`] = `
"## textlint@10.2.0

### fixes

- **textlint:** check textlintrc option exists for internal use ([744da23](https://github.com/textlint/textlint/commit/744da23))

### features

- **textlint:** support --no-textlintrc ([466e257](https://github.com/textlint/textlint/commit/466e257))
- **textlint:** add tests for --no-textlintrc ([289deb3](https://github.com/textlint/textlint/commit/289deb3))
- **textlint:** pass textlintrc options for failure tests ([bc0804d](https://github.com/textlint/textlint/commit/bc0804d))
- **textlint:** simplify textlint --help test ([0d2114d](https://github.com/textlint/textlint/commit/0d2114d))"
`;

exports[`cli when fixed mode get 0.13.0 from CHANGELOG.md 1`] = `
"## project@0.13.0

### fixes

- **docz:** ts warning ([19ccc09](https://github.com/pedronauck/docz/commit/19ccc09))
- **docz-core:** add setMaxListener for chokidar watchers ([6053c16](https://github.com/pedronauck/docz/commit/6053c16))
- **docz-core:** log level based on debug argument ([507e149](https://github.com/pedronauck/docz/commit/507e149))
- **docz-core:** node path resolve modules merge ([27102fd](https://github.com/pedronauck/docz/commit/27102fd))
- **docz-core:** turn off htmlMinifier when loading from templates ([#518](https://github.com/pedronauck/docz/issues/518)) ([9cb0e1d](https://github.com/pedronauck/docz/commit/9cb0e1d))
- **docz-core:** use webpack-dev-server instead of webpack-serve ([4157e05](https://github.com/pedronauck/docz/commit/4157e05))

### features

- **docz-core:** add onCreateWebpackChain hook ([70bb242](https://github.com/pedronauck/docz/commit/70bb242))
- **docz-core:** add promise logger using progress-estimator ([2797608](https://github.com/pedronauck/docz/commit/2797608))
- **docz-core:** use NODE_PATH to resolve modules ([#516](https://github.com/pedronauck/docz/issues/516)) ([cc86f93](https://github.com/pedronauck/docz/commit/cc86f93))
- **docz-theme-default:** set max lines before scroll editor ([#519](https://github.com/pedronauck/docz/issues/519)) ([698261b](https://github.com/pedronauck/docz/commit/698261b))"
`;

exports[`cli when independent mode @textlint/kernel@2.0.0-next. should has changelog  1`] = `
"## @textlint/kernel@2.0.0-next.0

### fixes

- **textlint:** fix kernel test ([#374](https://github.com/textlint/textlint/issues/374)) ([d6953cc](https://github.com/textlint/textlint/commit/d6953cc))
- **textlint-fixer-formatter:** use paths ([734806f](https://github.com/textlint/textlint/commit/734806f))"
`;

exports[`cli when independent mode textlint@10.2.0 should has changelog  1`] = `
"## textlint@10.2.0

### fixes

- **textlint:** check textlintrc option exists for internal use ([744da23](https://github.com/textlint/textlint/commit/744da23))

### features

- **textlint:** support --no-textlintrc ([466e257](https://github.com/textlint/textlint/commit/466e257))
- **textlint:** add tests for --no-textlintrc ([289deb3](https://github.com/textlint/textlint/commit/289deb3))
- **textlint:** pass textlintrc options for failure tests ([bc0804d](https://github.com/textlint/textlint/commit/bc0804d))
- **textlint:** simplify textlint --help test ([0d2114d](https://github.com/textlint/textlint/commit/0d2114d))"
`;
